# SPDX-FileCopyrightText: Copyright DB Netz AG and the rm-bridge contributors
# SPDX-License-Identifier: Apache-2.0

---
attributes:
  Status:
    type: Enum
    values:
      - Unset
      - New
      - Draft
      - Waiting for approval
      - Rejected
      - Accepted
  Submitted at:
    type: Date
id: "25093"
items:
  - id: 0
    long_name: root
    text: &text string
    attributes:
      Status: [New]
      Submitted at: 2022-07-05T11:07:23.171+02:00
    children:
      - id: 1
        long_name: child
        text: '<h3>Heading 3</h3> <b>Headings</b> <p>organize your writing into sections.</p> <img src="data:image/png;base64,aGVsbG8="/>'
        attributes:
          Status: [New]
          Submitted at: 2022-07-05T11:07:23.171+02:00
        children:
          - id: 3
            long_name: subchild
            text: *text
            attributes:
              Status: [New]
              Submitted at: 2022-07-05T11:07:23.171+02:00
            children: []
      - id: 2
        long_name: child1
        text: *text
        attributes:
          Status: [New]
          Submitted at: 2022-07-05T11:07:23.171+02:00
        children: []
  - id: 4
    long_name: root1
    text: *text
    attributes:
      Status: [New]
      Submitted at: 2022-07-05T11:07:23.171+02:00
    children: []
version: 1
