# SPDX-FileCopyrightText: Copyright DB Netz AG and the rm-bridge contributors
# SPDX-License-Identifier: Apache-2.0

- accruedMillis: 0
  areas:
  - id: 0
    name: string
    type: string
  assignedAt: "2022-07-05T11:07:23.171"
  assignedTo:
  - id: 0
    name: string
    type: string
  attributes:
  - fieldId: 6
    name: Status
    type: ChoiceFieldValue
    values:
    - id: 33
      name: New
      type: ChoiceOptionReference
  - fieldId: 0
    name: ID
    type: IntegerFieldValue
    value: 1034
  - fieldId: 1
    name: Tracker
    type: ChoiceFieldValue
    values:
    - id: 302
      name: Reqs
      type: TrackerReference
  - fieldId: 10000
    name: Color
    type: ColorFieldValue
  - fieldId: 34
    name: Submitted at
    type: DateFieldValue
    value: "2022-07-05T11:07:23.171"
  categories:
  - id: 0
    name: string
    type: string
  children:
  - id: 1
    name: child
    referenceData:
      suspectPropagation: DO_NOT_PROPAGATE
    type: string
  - id: 2
    name: child1
    referenceData:
      suspectPropagation: DO_NOT_PROPAGATE
    type: string
  closedAt: "2022-07-05T11:07:23.171"
  comments:
  - id: 0
    name: string
    type: string
  createdAt: "2022-07-05T11:07:23.171"
  createdBy:
    email: string
    id: 0
    name: string
    type: string
  customFields:
  - fieldId: 0
    name: string
    type: string
  description: string
  descriptionFormat: PlainText
  endDate: "2022-07-05T11:07:23.171"
  estimatedMillis: 0
  formality:
    id: 0
    name: string
    type: string
  id: 0
  name: root
  modifiedAt: "2022-07-05T11:07:23.171"
  modifiedBy:
    email: string
    id: 0
    name: string
    type: string
  ordinal: 0
  owners:
  - id: 0
    name: string
    type: string
  platforms:
  - id: 0
    name: string
    type: string
  priority:
    id: 0
    name: string
    type: string
  releaseMethod:
    id: 0
    name: string
    type: string
  resolutions:
  - id: 0
    name: string
    type: string
  severities:
  - id: 0
    name: string
    type: string
  spentMillis: 0
  startDate: "2022-07-05T11:07:23.171"
  status:
    id: 0
    name: string
    type: string
  storyPoints: 0
  subjects:
  - id: 0
    name: string
    type: string
  tags:
  - createdAt: "2022-07-05T11:07:23.171"
    createdBy:
      email: string
      id: 0
      name: string
      type: string
    hidden: true
    id: 0
    name: string
    privateLabel: true
  teams:
  - id: 0
    name: string
    type: string
  tracker:
    id: 0
    name: string
    type: string
  typeName: string
  version: 0
  versions:
  - id: 0
    name: string
    type: string
- accruedMillis: 0
  areas:
  - id: 0
    name: string
    type: string
  assignedAt: "2022-07-05T11:07:23.171"
  assignedTo:
  - id: 0
    name: string
    type: string
  attributes:
  - fieldId: 6
    name: Status
    type: ChoiceFieldValue
    values:
    - id: 33
      name: New
      type: ChoiceOptionReference
  - fieldId: 0
    name: ID
    type: IntegerFieldValue
    value: 1034
  - fieldId: 1
    name: Tracker
    type: ChoiceFieldValue
    values:
    - id: 302
      name: Reqs
      type: TrackerReference
  - fieldId: 10000
    name: Color
    type: ColorFieldValue
  - fieldId: 34
    name: Submitted at
    type: DateFieldValue
    value: "2022-07-05T11:07:23.171"
  categories:
  - id: 0
    name: string
    type: string
  children:
  - id: 3
    name: subchild
    referenceData:
      suspectPropagation: DO_NOT_PROPAGATE
    type: string
  closedAt: "2022-07-05T11:07:23.171"
  comments:
  - id: 0
    name: string
    type: string
  createdAt: "2022-07-05T11:07:23.171"
  createdBy:
    email: string
    id: 0
    name: string
    type: string
  customFields:
  - fieldId: 0
    name: string
    type: string
  description: <h3>Heading 3</h3> <b>Headings</b> <p>organize your writing into sections.</p> <img src="data:image/png;base64,aGVsbG8="/>
  descriptionFormat: Wiki
  endDate: "2022-07-05T11:07:23.171"
  estimatedMillis: 0
  formality:
    id: 0
    name: string
    type: string
  id: 1
  name: child
  modifiedAt: "2022-07-05T11:07:23.171"
  modifiedBy:
    email: string
    id: 0
    name: string
    type: string
  ordinal: 0
  owners:
  - id: 0
    name: string
    type: string
  parent:
    id: 0
    name: root
    referenceData:
      suspectPropagation: DO_NOT_PROPAGATE
    type: string
  platforms:
  - id: 0
    name: string
    type: string
  priority:
    id: 0
    name: string
    type: string
  releaseMethod:
    id: 0
    name: string
    type: string
  resolutions:
  - id: 0
    name: string
    type: string
  severities:
  - id: 0
    name: string
    type: string
  spentMillis: 0
  startDate: "2022-07-05T11:07:23.171"
  status:
    id: 0
    name: string
    type: string
  storyPoints: 0
  subjects:
  - id: 0
    name: string
    type: string
  tags:
  - createdAt: "2022-07-05T11:07:23.171"
    createdBy:
      email: string
      id: 0
      name: string
      type: string
    hidden: true
    id: 0
    name: string
    privateLabel: true
  teams:
  - id: 0
    name: string
    type: string
  tracker:
    id: 0
    name: string
    type: string
  typeName: string
  version: 0
  versions:
  - id: 0
    name: string
    type: string
- accruedMillis: 0
  areas:
  - id: 0
    name: string
    type: string
  assignedAt: "2022-07-05T11:07:23.171"
  assignedTo:
  - id: 0
    name: string
    type: string
  attributes:
  - fieldId: 6
    name: Status
    type: ChoiceFieldValue
    values:
    - id: 33
      name: New
      type: ChoiceOptionReference
  - fieldId: 0
    name: ID
    type: IntegerFieldValue
    value: 1034
  - fieldId: 1
    name: Tracker
    type: ChoiceFieldValue
    values:
    - id: 302
      name: Reqs
      type: TrackerReference
  - fieldId: 10000
    name: Color
    type: ColorFieldValue
  - fieldId: 34
    name: Submitted at
    type: DateFieldValue
    value: "2022-07-05T11:07:23.171"
  categories:
  - id: 0
    name: string
    type: string
  children: []
  closedAt: "2022-07-05T11:07:23.171"
  comments:
  - id: 0
    name: string
    type: string
  createdAt: "2022-07-05T11:07:23.171"
  createdBy:
    email: string
    id: 0
    name: string
    type: string
  customFields:
  - fieldId: 0
    name: string
    type: string
  description: string
  descriptionFormat: PlainText
  endDate: "2022-07-05T11:07:23.171"
  estimatedMillis: 0
  formality:
    id: 0
    name: string
    type: string
  id: 2
  name: child1
  modifiedAt: "2022-07-05T11:07:23.171"
  modifiedBy:
    email: string
    id: 0
    name: string
    type: string
  ordinal: 0
  owners:
  - id: 0
    name: string
    type: string
  parent:
    id: 0
    name: root
    referenceData:
      suspectPropagation: DO_NOT_PROPAGATE
    type: string
  platforms:
  - id: 0
    name: string
    type: string
  priority:
    id: 0
    name: string
    type: string
  releaseMethod:
    id: 0
    name: string
    type: string
  resolutions:
  - id: 0
    name: string
    type: string
  severities:
  - id: 0
    name: string
    type: string
  spentMillis: 0
  startDate: "2022-07-05T11:07:23.171"
  status:
    id: 0
    name: string
    type: string
  storyPoints: 0
  subjects:
  - id: 0
    name: string
    type: string
  tags:
  - createdAt: "2022-07-05T11:07:23.171"
    createdBy:
      email: string
      id: 0
      name: string
      type: string
    hidden: true
    id: 0
    name: string
    privateLabel: true
  teams:
  - id: 0
    name: string
    type: string
  tracker:
    id: 0
    name: string
    type: string
  typeName: string
  version: 0
  versions:
  - id: 0
    name: string
    type: string
- accruedMillis: 0
  areas:
  - id: 0
    name: string
    type: string
  assignedAt: "2022-07-05T11:07:23.171"
  assignedTo:
  - id: 0
    name: string
    type: string
  attributes:
  - fieldId: 6
    name: Status
    type: ChoiceFieldValue
    values:
    - id: 33
      name: New
      type: ChoiceOptionReference
  - fieldId: 0
    name: ID
    type: IntegerFieldValue
    value: 1034
  - fieldId: 1
    name: Tracker
    type: ChoiceFieldValue
    values:
    - id: 302
      name: Reqs
      type: TrackerReference
  - fieldId: 10000
    name: Color
    type: ColorFieldValue
  - fieldId: 34
    name: Submitted at
    type: DateFieldValue
    value: "2022-07-05T11:07:23.171"
  categories:
  - id: 0
    name: string
    type: string
  children: []
  closedAt: "2022-07-05T11:07:23.171"
  comments:
  - id: 0
    name: string
    type: string
  createdAt: "2022-07-05T11:07:23.171"
  createdBy:
    email: string
    id: 0
    name: string
    type: string
  customFields:
  - fieldId: 0
    name: string
    type: string
  description: string
  descriptionFormat: PlainText
  endDate: "2022-07-05T11:07:23.171"
  estimatedMillis: 0
  formality:
    id: 0
    name: string
    type: string
  id: 3
  name: subchild
  modifiedAt: "2022-07-05T11:07:23.171"
  modifiedBy:
    email: string
    id: 0
    name: string
    type: string
  ordinal: 0
  owners:
  - id: 0
    name: string
    type: string
  parent:
    id: 1
    name: child
    referenceData:
      suspectPropagation: DO_NOT_PROPAGATE
    type: string
  platforms:
  - id: 0
    name: string
    type: string
  priority:
    id: 0
    name: string
    type: string
  releaseMethod:
    id: 0
    name: string
    type: string
  resolutions:
  - id: 0
    name: string
    type: string
  severities:
  - id: 0
    name: string
    type: string
  spentMillis: 0
  startDate: "2022-07-05T11:07:23.171"
  status:
    id: 0
    name: string
    type: string
  storyPoints: 0
  subjects:
  - id: 0
    name: string
    type: string
  tags:
  - createdAt: "2022-07-05T11:07:23.171"
    createdBy:
      email: string
      id: 0
      name: string
      type: string
    hidden: true
    id: 0
    name: string
    privateLabel: true
  teams:
  - id: 0
    name: string
    type: string
  tracker:
    id: 0
    name: string
    type: string
  typeName: string
  version: 0
  versions:
  - id: 0
    name: string
    type: string
- accruedMillis: 0
  areas:
  - id: 0
    name: string
    type: string
  assignedAt: "2022-07-05T11:07:23.171"
  assignedTo:
  - id: 0
    name: string
    type: string
  attributes:
  - fieldId: 6
    name: Status
    type: ChoiceFieldValue
    values:
    - id: 33
      name: New
      type: ChoiceOptionReference
  - fieldId: 0
    name: ID
    type: IntegerFieldValue
    value: 1034
  - fieldId: 1
    name: Tracker
    type: ChoiceFieldValue
    values:
    - id: 302
      name: Reqs
      type: TrackerReference
  - fieldId: 10000
    name: Color
    type: ColorFieldValue
  - fieldId: 34
    name: Submitted at
    type: DateFieldValue
    value: "2022-07-05T11:07:23.171"
  categories:
  - id: 0
    name: string
    type: string
  children: []
  closedAt: "2022-07-05T11:07:23.171"
  comments:
  - id: 0
    name: string
    type: string
  createdAt: "2022-07-05T11:07:23.171"
  createdBy:
    email: string
    id: 0
    name: string
    type: string
  customFields:
  - fieldId: 0
    name: string
    type: string
  description: string
  descriptionFormat: PlainText
  endDate: "2022-07-05T11:07:23.171"
  estimatedMillis: 0
  formality:
    id: 0
    name: string
    type: string
  id: 4
  name: root1
  modifiedAt: "2022-07-05T11:07:23.171"
  modifiedBy:
    email: string
    id: 0
    name: string
    type: string
  ordinal: 0
  owners:
  - id: 0
    name: string
    type: string
  platforms:
  - id: 0
    name: string
    type: string
  priority:
    id: 0
    name: string
    type: string
  releaseMethod:
    id: 0
    name: string
    type: string
  resolutions:
  - id: 0
    name: string
    type: string
  severities:
  - id: 0
    name: string
    type: string
  spentMillis: 0
  startDate: "2022-07-05T11:07:23.171"
  status:
    id: 0
    name: string
    type: string
  storyPoints: 0
  subjects:
  - id: 0
    name: string
    type: string
  tags:
  - createdAt: "2022-07-05T11:07:23.171"
    createdBy:
      email: string
      id: 0
      name: string
      type: string
    hidden: true
    id: 0
    name: string
    privateLabel: true
  teams:
  - id: 0
    name: string
    type: string
  tracker:
    id: 0
    name: string
    type: string
  typeName: string
  version: 0
  versions:
  - id: 0
    name: string
    type: string
